
> frontend@0.1.0 build
> next build

▲ Next.js 16.2.6 (Turbopack)
- Environments: .env.local

  Creating an optimized production build ...
✓ Compiled successfully in 33.5s
  Running TypeScript ...
  Finished TypeScript in 30.9s ...
  Collecting page data using 7 workers ...
Firebase Admin initialized successfully.
Firebase Admin initialized successfully.
  Generating static pages using 7 workers (0/55) ...
Firebase Admin initialized successfully.
Firebase Admin initialized successfully.
  Generating static pages using 7 workers (13/55) 
  Generating static pages using 7 workers (27/55) 
  Generating static pages using 7 workers (41/55) 
✓ Generating static pages using 7 workers (55/55) in 8.2s
  Finalizing page optimization ...

Route (app)
┌ ○ /
├ ○ /_not-found
├ ○ /admin
├ ○ /admin-revtech
├ ○ /admin/blog
├ ○ /admin/change-password
├ ○ /admin/dashboard
├ ○ /admin/hero
├ ○ /admin/invoice
├ ○ /admin/jasa-web
├ ○ /admin/leads
├ ○ /admin/maintenance
├ ○ /admin/portofolio
├ ○ /admin/produk-digital
├ ○ /admin/profile
├ ○ /admin/projects
├ ○ /admin/studio
├ ○ /admin/studio/export
├ ○ /admin/studio/review
├ ○ /admin/system
├ ○ /admin/system/integrasi
├ ○ /admin/system/pengaturan
├ ○ /admin/team
├ ○ /admin/team/activity
├ ○ /admin/testimoni
├ ○ /admin/trash
├ ƒ /api/admin/insight
├ ƒ /api/admin/seo-generate
├ ƒ /api/admin/staff
├ ƒ /api/admin/staff/password
├ ƒ /api/admin/studio-generate
├ ƒ /api/admin/studio-review
├ ƒ /api/admin/wa-draft
├ ƒ /api/chat
├ ○ /apple-icon.png
├ ƒ /blog
├ ● /blog/[slug]
│ ├ /blog/pentingnya-website-profesional-2026
│ ├ /blog/keuntungan-sistem-jadi-vs-membangun-dari-nol
│ └ /blog/cara-membuat-katalog-digital-whatsapp
├ ○ /founder-revtech
├ ○ /icon.png
├ ○ /jasa-web
├ ● /jasa-web/[id]
│ ├ /jasa-web/usaha
│ ├ /jasa-web/profesional
│ └ /jasa-web/eksklusif
├ ○ /katalog
├ ƒ /katalog/[id]
├ ○ /kontak
├ ○ /layanan
├ ƒ /portofolio
├ ● /portofolio/[slug]
│ ├ /portofolio/dapurku-website-kuliner
│ ├ /portofolio/minara-seafood-katalog
│ └ /portofolio/validata-ai-landing-page
├ ○ /privacy
├ ○ /robots.txt
├ ○ /sitemap.xml
└ ○ /terms


ƒ Proxy (Middleware)

○  (Static)   prerendered as static content
●  (SSG)      prerendered as static HTML (uses generateStaticParams)
ƒ  (Dynamic)  server-rendered on demand

